pybullet build time: Apr 24 2026 11:06:03
b3Warning[examples/Importers/ImportURDFDemo/BulletUrdfImporter.cpp,126]:
No inertial data for link, using mass=1, localinertiadiagonal = 1,1,1, identity local inertial frameb3Warning[examples/Importers/ImportURDFDemo/BulletUrdfImporter.cpp,126]:
base_footprintb3Warning[examples/Importers/ImportURDFDemo/BulletUrdfImporter.cpp,126]:
No inertial data for link, using mass=1, localinertiadiagonal = 1,1,1, identity local inertial frameb3Warning[examples/Importers/ImportURDFDemo/BulletUrdfImporter.cpp,126]:
imu_link[Init] Contract: obs_28_incremental (obs 28D, arm action incremental)
[Init] Loading model: /home/jetson/Documents/deploy_jetson2/grasp/v23/models/candidate_v23_seed23401_ckpt250000.zip
[Init] Loading VecNormalize: /home/jetson/Documents/deploy_jetson2/grasp/v23/models/candidate_v23_seed23401_ckpt250000_vec.pkl
[FK] PyBullet DIRECT ready (yahboomcar_deploy.urdf). tcp=gripper_center(14,17) arm=[8, 9, 10, 11, 12] grip_linkage=[13, 14, 15, 16, 17, 18]
[Init] All systems ready.

============================================================
X3Plus Real Grasp Controller
  Stage 0 → align gripper above object
  Stage 1 → close gripper (grasp)
  Stage 2 → lift and return home
============================================================

[Start] Moving to grasp start pose [90.0, 74.2, 8.6, 8.6, 90.0, 30.0]...
[DRY] S1=90.0° S2=74.2° S3=8.6° S4=8.6° S5=90.0° S6=30.0° t=200ms
[Start] home: reached=True (arrived, 1 steps; tolerance 2.0 deg)
[Start] Object position: [0.23999999463558197, 0.0, 0.032999999821186066]
[Start] Running for up to 300 steps at 10.0 Hz

[Init] episode wrist_z_offset = 0.0564 m (object height 0.066, resting z 0.0330)
[DRY] S1=89.7° S2=70.8° S3=9.4° S4=9.8° S5=90.3° S6=38.0° t=100ms
[Step   1] Stage=0 target_dist=0.067m grip_cmd=-0.71 S1-6=[89.7, 70.8, 9.4, 9.8, 90.3, 38.0][DRY] S1=88.8° S2=66.4° S3=10.9° S4=11.0° S5=91.3° S6=39.0° t=100ms
[Step   2] Stage=0 target_dist=0.062m grip_cmd=-0.91 S1-6=[88.8, 66.4, 10.9, 11.0, 91.3, 39.0][DRY] S1=87.4° S2=61.9° S3=12.8° S4=11.9° S5=92.8° S6=37.6° t=100ms
[Step   3] Stage=0 target_dist=0.055m grip_cmd=-0.90 S1-6=[87.4, 61.9, 12.8, 11.9, 92.8, 37.6][DRY] S1=86.2° S2=59.8° S3=14.9° S4=12.6° S5=94.5° S6=39.3° t=100ms
[Step   4] Stage=0 target_dist=0.049m grip_cmd=-0.86 S1-6=[86.2, 59.8, 14.9, 12.6, 94.5, 39.3][DRY] S1=85.2° S2=57.8° S3=16.8° S4=13.1° S5=96.1° S6=41.0° t=100ms
[Step   5] Stage=0 target_dist=0.047m grip_cmd=-0.84 S1-6=[85.2, 57.8, 16.8, 13.1, 96.1, 41.0][DRY] S1=84.6° S2=55.7° S3=18.6° S4=13.3° S5=97.5° S6=42.2° t=100ms
[Step   6] Stage=0 target_dist=0.045m grip_cmd=-0.83 S1-6=[84.6, 55.7, 18.6, 13.3, 97.5, 42.2][DRY] S1=84.5° S2=53.6° S3=20.2° S4=13.5° S5=98.5° S6=43.1° t=100ms
[Step   7] Stage=0 target_dist=0.044m grip_cmd=-0.82 S1-6=[84.5, 53.6, 20.2, 13.5, 98.5, 43.1][DRY] S1=84.7° S2=51.6° S3=21.6° S4=13.7° S5=99.0° S6=43.9° t=100ms
[Step   8] Stage=0 target_dist=0.042m grip_cmd=-0.81 S1-6=[84.7, 51.6, 21.6, 13.7, 99.0, 43.9][DRY] S1=85.1° S2=49.5° S3=22.7° S4=14.0° S5=98.9° S6=44.7° t=100ms
[Step   9] Stage=0 target_dist=0.039m grip_cmd=-0.80 S1-6=[85.1, 49.5, 22.7, 14.0, 98.9, 44.7][DRY] S1=85.6° S2=47.4° S3=23.5° S4=14.5° S5=98.1° S6=52.7° t=100ms
[Step  10] Stage=0 target_dist=0.036m grip_cmd=-0.78 S1-6=[85.6, 47.4, 23.5, 14.5, 98.1, 52.7][DRY] S1=85.9° S2=45.4° S3=24.1° S4=15.1° S5=96.9° S6=60.7° t=100ms
[Step  11] Stage=0 target_dist=0.032m grip_cmd=-0.74 S1-6=[85.9, 45.4, 24.1, 15.1, 96.9, 60.7][DRY] S1=86.0° S2=44.2° S3=24.6° S4=15.9° S5=95.7° S6=68.7° t=100ms
[Step  12] Stage=0 target_dist=0.028m grip_cmd=-0.66 S1-6=[86.0, 44.2, 24.6, 15.9, 95.7, 68.7][DRY] S1=86.0° S2=43.1° S3=24.9° S4=16.7° S5=94.6° S6=76.7° t=100ms
[Step  13] Stage=0 target_dist=0.026m grip_cmd=-0.56 S1-6=[86.0, 43.1, 24.9, 16.7, 94.6, 76.7][DRY] S1=86.0° S2=41.9° S3=25.1° S4=17.5° S5=93.4° S6=84.7° t=100ms
[Step  14] Stage=0 target_dist=0.024m grip_cmd=-0.43 S1-6=[86.0, 41.9, 25.1, 17.5, 93.4, 84.7][DRY] S1=86.0° S2=40.8° S3=25.3° S4=18.2° S5=92.3° S6=92.7° t=100ms
[Step  15] Stage=0 target_dist=0.022m grip_cmd=-0.26 S1-6=[86.0, 40.8, 25.3, 18.2, 92.3, 92.7]
[Stage] 0→1  xy=6.8/22mm z=17.8/18mm r=19.1/26mm centred=True pads_ready=True (pad_after_close=47.1mm, object_top=66.0mm)
[DRY] S1=86.2° S2=39.6° S3=25.5° S4=18.8° S5=91.1° S6=100.7° t=100ms
[Step  16] Stage=1 target_dist=0.019m grip_cmd=-0.03 S1-6=[86.2, 39.6, 25.5, 18.8, 91.1, 100.7][DRY] S1=86.2° S2=39.6° S3=25.5° S4=18.8° S5=91.1° S6=108.7° t=120ms
[DRY] S1=86.2° S2=39.6° S3=25.5° S4=18.8° S5=91.1° S6=116.7° t=120ms
[DRY] S1=86.2° S2=39.6° S3=25.5° S4=18.8° S5=91.1° S6=124.7° t=120ms
[DRY] S1=86.2° S2=39.6° S3=25.5° S4=18.8° S5=91.1° S6=132.7° t=120ms
[DRY] S1=86.2° S2=39.6° S3=25.5° S4=18.8° S5=91.1° S6=140.7° t=120ms
[DRY] S1=86.2° S2=39.6° S3=25.5° S4=18.8° S5=91.1° S6=148.7° t=120ms
[DRY] S1=86.2° S2=39.6° S3=25.5° S4=18.8° S5=91.1° S6=156.7° t=120ms
[DRY] S1=86.2° S2=39.6° S3=25.5° S4=18.8° S5=91.1° S6=164.7° t=120ms
[DRY] S1=86.2° S2=39.6° S3=25.5° S4=18.8° S5=91.1° S6=172.7° t=120ms
[DRY] S1=86.2° S2=39.6° S3=25.5° S4=18.8° S5=91.1° S6=180.0° t=120ms

[Stage] 1: jaw close — reached=True (arrived, 10 steps) guard=['pass']
[Stage] 1 ABORT — jaw reached the fully-closed stop — nothing blocked it, so there is no object between the fingers
[Stage] Not lifting. Opening the jaw and retreating home.
[DRY] S1=90.0° S2=47.6° S3=17.5° S4=10.8° S5=90.0° S6=172.0° t=200ms
[DRY] S1=90.0° S2=55.6° S3=9.5° S4=8.6° S5=90.0° S6=164.0° t=200ms
[DRY] S1=90.0° S2=63.6° S3=8.6° S4=8.6° S5=90.0° S6=156.0° t=200ms
[DRY] S1=90.0° S2=71.6° S3=8.6° S4=8.6° S5=90.0° S6=148.0° t=200ms
[DRY] S1=90.0° S2=74.2° S3=8.6° S4=8.6° S5=90.0° S6=140.0° t=200ms
[DRY] S1=90.0° S2=74.2° S3=8.6° S4=8.6° S5=90.0° S6=132.0° t=200ms
[DRY] S1=90.0° S2=74.2° S3=8.6° S4=8.6° S5=90.0° S6=124.0° t=200ms
[DRY] S1=90.0° S2=74.2° S3=8.6° S4=8.6° S5=90.0° S6=116.0° t=200ms
[DRY] S1=90.0° S2=74.2° S3=8.6° S4=8.6° S5=90.0° S6=108.0° t=200ms
[DRY] S1=90.0° S2=74.2° S3=8.6° S4=8.6° S5=90.0° S6=100.0° t=200ms
[DRY] S1=90.0° S2=74.2° S3=8.6° S4=8.6° S5=90.0° S6=92.0° t=200ms
[DRY] S1=90.0° S2=74.2° S3=8.6° S4=8.6° S5=90.0° S6=84.0° t=200ms
[DRY] S1=90.0° S2=74.2° S3=8.6° S4=8.6° S5=90.0° S6=76.0° t=200ms
[DRY] S1=90.0° S2=74.2° S3=8.6° S4=8.6° S5=90.0° S6=68.0° t=200ms
[DRY] S1=90.0° S2=74.2° S3=8.6° S4=8.6° S5=90.0° S6=60.0° t=200ms
[DRY] S1=90.0° S2=74.2° S3=8.6° S4=8.6° S5=90.0° S6=52.0° t=200ms
[DRY] S1=90.0° S2=74.2° S3=8.6° S4=8.6° S5=90.0° S6=44.0° t=200ms
[DRY] S1=90.0° S2=74.2° S3=8.6° S4=8.6° S5=90.0° S6=36.0° t=200ms
[DRY] S1=90.0° S2=74.2° S3=8.6° S4=8.6° S5=90.0° S6=30.0° t=200ms
[Retreat] home: reached=True (arrived)
[Bus] servo reads: no failures
[Guard] policy-step floor guard: {'pass': 16}
