[graspscan] stopping the resident services (they hold the camera and /dev/myserial)
[graspscan] running the three-pose scan + grasp
[WARN] 沒有偵測到 VIRTUAL_ENV。若下面的 import 檢查失敗，先執行 source ~/grasp_venv/bin/activate
[check] grasp target correction: base +X +5.0 mm (after homography; policy envelope still enforced)
[check] TCP landing correction: +20.0 mm additional base-X travel (object coordinate unchanged)
[check] controller: /home/jetson/Documents/deploy_jetson2/grasp/v23/x3plus_real_grasp.py
[check] vision bridge: /home/jetson/Documents/deploy_jetson2/integration/vision_grasp_bridge.py
[check] PPO model: /home/jetson/Documents/deploy_jetson2/grasp/v23/models/candidate_v23_seed23401_ckpt250000.zip
[check] VecNormalize: /home/jetson/Documents/deploy_jetson2/grasp/v23/models/candidate_v23_seed23401_ckpt250000_vec.pkl
[check] YOLO model: /home/jetson/Documents/deploy_jetson2/detection/models/best.pt
[check] vision bridge target-correction contract: OK
[check] controller TCP-correction contract: OK
[check] three-pose scanner: /home/jetson/Documents/deploy_jetson2/grasp/v23/three_pose_scan.py
[check] scan config: /home/jetson/Documents/deploy_jetson2/grasp/v23/three_pose_scan.json
[check] import cv2: OK
[check] import ultralytics: OK
[check] import stable_baselines3: OK
[check] import pybullet: OK
[check] camera: /dev/v4l/by-id/usb-Sonix_Technology_Co.__Ltd._USB_2.0_Camera-video-index0 (free; this launcher reads it directly)
[check] Rosmaster port: /dev/myserial
[check] scan config: /home/jetson/Documents/deploy_jetson2/grasp/v23/three_pose_scan.json (LEFT, E1, RIGHT → E1)
[check] homography: /home/jetson/Documents/deploy_jetson2/integration/grasp_home_homography_e1.json (7 points, RMSE 0.39 cm, max 0.68 cm)
[launcher] REAL supervised grasp: stay beside the robot, hand on power.
[launcher] TARGET CORRECTION: base +X +5.0 mm (forward/away from robot; set --grasp-forward-offset-mm 0 to disable).
[launcher] TCP CORRECTION: another +20.0 mm of base +X travel without changing the detected object coordinate.
[launcher] THREE-POSE: scanner exclusively owns camera+serial, returns to E1, exits, then PPO starts with a fixed target.
[launcher] controller log: /home/jetson/mode_b_integrated_20261003_193650_controller.log
[launcher] vision log    : /home/jetson/mode_b_integrated_20261003_193650_vision.log
[launcher] scan log      : /home/jetson/mode_b_integrated_20261003_193650_three_pose_scan.log
[launcher] 相機由本程序自己開，不需要另外開串流終端機。
======================================================================
[UNLOCKED] --unlock-unvalidated-scan: running poses whose hardware
           evidence is INCOMPLETE. This is a supervised experiment.
           LEFT   — motion not confirmed on hardware; yaw mapping not confirmed against a ruler
           RIGHT  — motion not confirmed on hardware; yaw mapping not confirmed against a ruler
           Every other gate still applies: the S1-only check, the
           pivot and yaw sign, the reference homography and its hull,
           sample spread, cross-pose agreement, and the
           encoder-confirmed E1 return before any target is released.
           Stay beside the robot with a hand on the power switch.
======================================================================
[check] shared E1 homography: /home/jetson/Documents/deploy_jetson2/integration/grasp_home_homography_e1.json
pybullet build time: Apr 24 2026 11:06:03
[scan] loading YOLO before opening the servo port: /home/jetson/Documents/deploy_jetson2/detection/models/best.pt
b3Warning[examples/Importers/ImportURDFDemo/BulletUrdfImporter.cpp,126]:
No inertial data for link, using mass=1, localinertiadiagonal = 1,1,1, identity local inertial frameb3Warning[examples/Importers/ImportURDFDemo/BulletUrdfImporter.cpp,126]:
base_footprintb3Warning[examples/Importers/ImportURDFDemo/BulletUrdfImporter.cpp,126]:
No inertial data for link, using mass=1, localinertiadiagonal = 1,1,1, identity local inertial frameb3Warning[examples/Importers/ImportURDFDemo/BulletUrdfImporter.cpp,126]:
imu_link[FK] PyBullet DIRECT ready (yahboomcar_deploy.urdf). tcp=gripper_center(14,17) arm=[8, 9, 10, 11, 12] grip_linkage=[13, 14, 15, 16, 17, 18]
Rosmaster Serial Opened! Baudrate=115200
----------------create receive threading--------------
[INFO] Rosmaster_Lib ready on /dev/myserial.
[scan] positioning at reference E1 [90.0, 74.2, 8.6, 8.6, 90.0, 30.0] before scan
[scan] initial reference reached=True (arrived)
[scan] moving to LEFT [70.0, 74.2, 8.6, 8.6, 90.0, 30.0]
[scan] LEFT reached=True (arrived)
[scan] LEFT: no valid target (YOLO found no box)
[scan] moving to E1 [90.0, 74.2, 8.6, 8.6, 90.0, 30.0]
[scan] E1 reached=True (arrived)
[scan] E1: no valid target (YOLO found no box)
[scan] moving to RIGHT [110.0, 74.2, 8.6, 8.6, 90.0, 30.0]
[scan] RIGHT reached=True (arrived)
[scan] RIGHT: no valid target (y=-0.083 is outside the policy's evaluated range -0.07..0.065 m)
[scan] returning to E1 [90.0, 74.2, 8.6, 8.6, 90.0, 30.0]
[scan] return reached=True (arrived)
[FATAL] all three scan poses produced no valid target; no target will be released.
[FATAL] scan phase failed: three-pose scanner exited with 2
[graspscan] restarting the resident services
[graspscan] the service needs ~30 s to reload PyBullet before graspctl works
