pybullet build time: Apr 24 2026 11:06:03
Rosmaster Serial Opened! Baudrate=115200
----------------create receive threading--------------
[INFO] Rosmaster_Lib ready on /dev/myserial.

Probing 3 rounds on /dev/myserial, 100 ms between reads. No writes are issued.

==========================================================================
每顆伺服機（問誰 → 誰回答）
==========================================================================
 servo      自己回答     別人代answer       完全沒回應      超出範圍        最後讀值
    S1         3             0           0         088° (raw 2028)
    S2         3             0           0         0139° (raw 1397)
    S3         3             0           0         017° (raw 2892)
    S4         3             0           0         3           —
    S5         3             0           0         090° (raw 1485)
    S6         3             0           0         029° (raw 1255)

==========================================================================
整批讀取 get_uart_servo_angle_array
==========================================================================
  呼叫 3 次：六顆全有 0、部分 3、全空 0
  每顆有效次數：S1=3, S2=3, S3=3, S4=0, S5=3, S6=3

==========================================================================
判讀
==========================================================================
▸ 解碼超出範圍 3 次（S4×3）——封包壞掉或伺服機回報亂數。
==========================================================================
